Archive member included to satisfy reference by file (symbol)

C:\Users\failh\.platformio\packages\framework-ch32v003fun\misc\libgcc.a(mulsf3.o)
                              C:\Users\failh\AppData\Local\Temp\ccwBPLFe.ltrans0.ltrans.o (__mulsf3)
C:\Users\failh\.platformio\packages\framework-ch32v003fun\misc\libgcc.a(fixsfsi.o)
                              C:\Users\failh\AppData\Local\Temp\ccwBPLFe.ltrans0.ltrans.o (__fixsfsi)
C:\Users\failh\.platformio\packages\framework-ch32v003fun\misc\libgcc.a(floatsisf.o)
                              C:\Users\failh\AppData\Local\Temp\ccwBPLFe.ltrans0.ltrans.o (__floatsisf)
C:\Users\failh\.platformio\packages\framework-ch32v003fun\misc\libgcc.a(save-restore.o)
                              C:\Users\failh\AppData\Local\Temp\ccwBPLFe.ltrans0.ltrans.o (__riscv_save_2)
C:\Users\failh\.platformio\packages\framework-ch32v003fun\misc\libgcc.a(muldi3.o)
                              C:\Users\failh\.platformio\packages\framework-ch32v003fun\misc\libgcc.a(mulsf3.o) (__mulsi3)
C:\Users\failh\.platformio\packages\framework-ch32v003fun\misc\libgcc.a(div.o)
                              C:\Users\failh\AppData\Local\Temp\ccwBPLFe.ltrans0.ltrans.o (__udivsi3)
C:\Users\failh\.platformio\packages\framework-ch32v003fun\misc\libgcc.a(_clzsi2.o)
                              C:\Users\failh\.platformio\packages\framework-ch32v003fun\misc\libgcc.a(mulsf3.o) (__clzsi2)
C:\Users\failh\.platformio\packages\framework-ch32v003fun\misc\libgcc.a(_clz.o)
                              C:\Users\failh\.platformio\packages\framework-ch32v003fun\misc\libgcc.a(_clzsi2.o) (__clz_tab)

Discarded input sections

 .comment       0x0000000000000000       0x68 C:\Users\failh\AppData\Local\Temp\cctRkAhldebugobj
 .debug_info    0x0000000000000000     0x309b C:\Users\failh\AppData\Local\Temp\cctRkAhldebugobj
 .debug_abbrev  0x0000000000000000      0x6a2 C:\Users\failh\AppData\Local\Temp\cctRkAhldebugobj
 .debug_line    0x0000000000000000      0x49c C:\Users\failh\AppData\Local\Temp\cctRkAhldebugobj
 .debug_str     0x0000000000000000     0x1979 C:\Users\failh\AppData\Local\Temp\cctRkAhldebugobj
 .text          0x0000000000000000        0x0 C:\Users\failh\AppData\Local\Temp\ccwBPLFe.ltrans0.ltrans.o
 .data          0x0000000000000000        0x0 C:\Users\failh\AppData\Local\Temp\ccwBPLFe.ltrans0.ltrans.o
 .bss           0x0000000000000000        0x0 C:\Users\failh\AppData\Local\Temp\ccwBPLFe.ltrans0.ltrans.o
 .text._puts    0x0000000000000000       0x3e C:\Users\failh\AppData\Local\Temp\ccwBPLFe.ltrans0.ltrans.o
 .text.putchar  0x0000000000000000       0x6e C:\Users\failh\AppData\Local\Temp\ccwBPLFe.ltrans0.ltrans.o
 .text.memchr   0x0000000000000000       0x1a C:\Users\failh\AppData\Local\Temp\ccwBPLFe.ltrans0.ltrans.o
 .text.memcmp   0x0000000000000000       0x24 C:\Users\failh\AppData\Local\Temp\ccwBPLFe.ltrans0.ltrans.o
 .text.twoway_strstr
                0x0000000000000000      0x21c C:\Users\failh\AppData\Local\Temp\ccwBPLFe.ltrans0.ltrans.o
 .text.memcpy   0x0000000000000000       0x18 C:\Users\failh\AppData\Local\Temp\ccwBPLFe.ltrans0.ltrans.o
 .text.memmove  0x0000000000000000       0x68 C:\Users\failh\AppData\Local\Temp\ccwBPLFe.ltrans0.ltrans.o
 .text.strncmp  0x0000000000000000       0x2a C:\Users\failh\AppData\Local\Temp\ccwBPLFe.ltrans0.ltrans.o
 .text.strcmp   0x0000000000000000       0x22 C:\Users\failh\AppData\Local\Temp\ccwBPLFe.ltrans0.ltrans.o
 .text.strncpy  0x0000000000000000       0x16 C:\Users\failh\AppData\Local\Temp\ccwBPLFe.ltrans0.ltrans.o
 .text.strcpy   0x0000000000000000       0x10 C:\Users\failh\AppData\Local\Temp\ccwBPLFe.ltrans0.ltrans.o
 .text.memset   0x0000000000000000       0x10 C:\Users\failh\AppData\Local\Temp\ccwBPLFe.ltrans0.ltrans.o
 .text.mini_vsnprintf
                0x0000000000000000       0x40 C:\Users\failh\AppData\Local\Temp\ccwBPLFe.ltrans0.ltrans.o
 .text.puts     0x0000000000000000       0x3e C:\Users\failh\AppData\Local\Temp\ccwBPLFe.ltrans0.ltrans.o
 .text.strrchr  0x0000000000000000       0x3e C:\Users\failh\AppData\Local\Temp\ccwBPLFe.ltrans0.ltrans.o
 .text.strchr   0x0000000000000000       0x36 C:\Users\failh\AppData\Local\Temp\ccwBPLFe.ltrans0.ltrans.o
 .text.strstr   0x0000000000000000      0x130 C:\Users\failh\AppData\Local\Temp\ccwBPLFe.ltrans0.ltrans.o
 .text.sprintf  0x0000000000000000       0x28 C:\Users\failh\AppData\Local\Temp\ccwBPLFe.ltrans0.ltrans.o
 .text.snprintf
                0x0000000000000000       0x1c C:\Users\failh\AppData\Local\Temp\ccwBPLFe.ltrans0.ltrans.o
 .text.vprintf  0x0000000000000000       0x26 C:\Users\failh\AppData\Local\Temp\ccwBPLFe.ltrans0.ltrans.o
 .data.ADCPrescTable.lto_priv.6
                0x0000000000000000       0x14 C:\Users\failh\AppData\Local\Temp\ccwBPLFe.ltrans0.ltrans.o
 .data.ADCPrescTable.lto_priv.7
                0x0000000000000000       0x14 C:\Users\failh\AppData\Local\Temp\ccwBPLFe.ltrans0.ltrans.o
 .data.APBAHBPrescTable.lto_priv.8
                0x0000000000000000       0x10 C:\Users\failh\AppData\Local\Temp\ccwBPLFe.ltrans0.ltrans.o
 .data.APBAHBPrescTable.lto_priv.9
                0x0000000000000000       0x10 C:\Users\failh\AppData\Local\Temp\ccwBPLFe.ltrans0.ltrans.o
 .rodata.puts.str1.4
                0x0000000000000000        0x2 C:\Users\failh\AppData\Local\Temp\ccwBPLFe.ltrans0.ltrans.o
 .comment       0x0000000000000000       0x34 C:\Users\failh\AppData\Local\Temp\ccwBPLFe.ltrans0.ltrans.o
 .data          0x0000000000000000        0x0 C:\Users\failh\.platformio\packages\framework-ch32v003fun\misc\libgcc.a(mulsf3.o)
 .bss           0x0000000000000000        0x0 C:\Users\failh\.platformio\packages\framework-ch32v003fun\misc\libgcc.a(mulsf3.o)
 .comment       0x0000000000000000       0x1c C:\Users\failh\.platformio\packages\framework-ch32v003fun\misc\libgcc.a(mulsf3.o)
 .data          0x0000000000000000        0x0 C:\Users\failh\.platformio\packages\framework-ch32v003fun\misc\libgcc.a(fixsfsi.o)
 .bss           0x0000000000000000        0x0 C:\Users\failh\.platformio\packages\framework-ch32v003fun\misc\libgcc.a(fixsfsi.o)
 .comment       0x0000000000000000       0x1c C:\Users\failh\.platformio\packages\framework-ch32v003fun\misc\libgcc.a(fixsfsi.o)
 .data          0x0000000000000000        0x0 C:\Users\failh\.platformio\packages\framework-ch32v003fun\misc\libgcc.a(floatsisf.o)
 .bss           0x0000000000000000        0x0 C:\Users\failh\.platformio\packages\framework-ch32v003fun\misc\libgcc.a(floatsisf.o)
 .comment       0x0000000000000000       0x1c C:\Users\failh\.platformio\packages\framework-ch32v003fun\misc\libgcc.a(floatsisf.o)
 .data          0x0000000000000000        0x0 C:\Users\failh\.platformio\packages\framework-ch32v003fun\misc\libgcc.a(save-restore.o)
 .bss           0x0000000000000000        0x0 C:\Users\failh\.platformio\packages\framework-ch32v003fun\misc\libgcc.a(save-restore.o)
 .eh_frame      0x0000000000000000       0x68 C:\Users\failh\.platformio\packages\framework-ch32v003fun\misc\libgcc.a(save-restore.o)
 .data          0x0000000000000000        0x0 C:\Users\failh\.platformio\packages\framework-ch32v003fun\misc\libgcc.a(muldi3.o)
 .bss           0x0000000000000000        0x0 C:\Users\failh\.platformio\packages\framework-ch32v003fun\misc\libgcc.a(muldi3.o)
 .data          0x0000000000000000        0x0 C:\Users\failh\.platformio\packages\framework-ch32v003fun\misc\libgcc.a(div.o)
 .bss           0x0000000000000000        0x0 C:\Users\failh\.platformio\packages\framework-ch32v003fun\misc\libgcc.a(div.o)
 .data          0x0000000000000000        0x0 C:\Users\failh\.platformio\packages\framework-ch32v003fun\misc\libgcc.a(_clzsi2.o)
 .bss           0x0000000000000000        0x0 C:\Users\failh\.platformio\packages\framework-ch32v003fun\misc\libgcc.a(_clzsi2.o)
 .comment       0x0000000000000000       0x1c C:\Users\failh\.platformio\packages\framework-ch32v003fun\misc\libgcc.a(_clzsi2.o)
 .text          0x0000000000000000        0x0 C:\Users\failh\.platformio\packages\framework-ch32v003fun\misc\libgcc.a(_clz.o)
 .data          0x0000000000000000        0x0 C:\Users\failh\.platformio\packages\framework-ch32v003fun\misc\libgcc.a(_clz.o)
 .bss           0x0000000000000000        0x0 C:\Users\failh\.platformio\packages\framework-ch32v003fun\misc\libgcc.a(_clz.o)
 .comment       0x0000000000000000       0x1c C:\Users\failh\.platformio\packages\framework-ch32v003fun\misc\libgcc.a(_clz.o)

Memory Configuration

Name             Origin             Length             Attributes
FLASH            0x0000000000000000 0x0000000000004000 xr
RAM              0x0000000020000000 0x0000000000000800 xrw
*default*        0x0000000000000000 0xffffffffffffffff

Linker script and memory map

LOAD C:\Users\failh\AppData\Local\Temp\cctRkAhldebugobj
LOAD C:\Users\failh\AppData\Local\Temp\ccwBPLFe.ltrans0.ltrans.o
START GROUP
LOAD c:/users/failh/.platformio/packages/toolchain-riscv/bin/../lib/gcc/riscv-none-embed/8.2.0/../../../../riscv-none-embed/lib/rv32ecxw/ilp32e\libm.a
LOAD C:\Users\failh\.platformio\packages\framework-ch32v003fun\misc\libgcc.a
END GROUP

.init           0x0000000000000000       0xa0
                0x0000000000000000                _sinit = .
                0x0000000000000000                . = ALIGN (0x4)
 *(SORT_NONE(.init))
 .init          0x0000000000000000       0x9e C:\Users\failh\AppData\Local\Temp\ccwBPLFe.ltrans0.ltrans.o
                0x0000000000000000                InterruptVector
                0x00000000000000a0                . = ALIGN (0x4)
 *fill*         0x000000000000009e        0x2 
                0x00000000000000a0                _einit = .

.text           0x00000000000000a0     0x34ac
                0x00000000000000a0                . = ALIGN (0x4)
 *(.text)
 .text          0x00000000000000a0      0x264 C:\Users\failh\.platformio\packages\framework-ch32v003fun\misc\libgcc.a(mulsf3.o)
                0x00000000000000a0                __mulsf3
 .text          0x0000000000000304       0x5e C:\Users\failh\.platformio\packages\framework-ch32v003fun\misc\libgcc.a(fixsfsi.o)
                0x0000000000000304                __fixsfsi
 .text          0x0000000000000362       0xbe C:\Users\failh\.platformio\packages\framework-ch32v003fun\misc\libgcc.a(floatsisf.o)
                0x0000000000000362                __floatsisf
 .text          0x0000000000000420       0x14 C:\Users\failh\.platformio\packages\framework-ch32v003fun\misc\libgcc.a(save-restore.o)
                0x0000000000000420                __riscv_save_1
                0x0000000000000420                __riscv_save_2
                0x0000000000000420                __riscv_save_0
                0x000000000000042a                __riscv_restore_0
                0x000000000000042a                __riscv_restore_1
                0x000000000000042a                __riscv_restore_2
 *fill*         0x0000000000000434        0x0 
 .text          0x0000000000000434       0x16 C:\Users\failh\.platformio\packages\framework-ch32v003fun\misc\libgcc.a(muldi3.o)
                0x0000000000000434                __mulsi3
 *fill*         0x000000000000044a        0x2 
 .text          0x000000000000044c       0x7e C:\Users\failh\.platformio\packages\framework-ch32v003fun\misc\libgcc.a(div.o)
                0x000000000000044c                __divsi3
                0x0000000000000454                __udivsi3
                0x0000000000000454                __hidden___udivsi3
                0x0000000000000480                __umodsi3
                0x00000000000004a4                __modsi3
 .text          0x00000000000004ca       0x3a C:\Users\failh\.platformio\packages\framework-ch32v003fun\misc\libgcc.a(_clzsi2.o)
                0x00000000000004ca                __clzsi2
 *(.text.*)
 .text.internal_handle_input.constprop.4
                0x0000000000000504        0xa C:\Users\failh\AppData\Local\Temp\ccwBPLFe.ltrans0.ltrans.o
 .text._write.constprop.3
                0x000000000000050e       0xda C:\Users\failh\AppData\Local\Temp\ccwBPLFe.ltrans0.ltrans.o
 .text.touch_read_sharp_bits
                0x00000000000005e8       0x94 C:\Users\failh\AppData\Local\Temp\ccwBPLFe.ltrans0.ltrans.o
 .text.leds_send_one
                0x000000000000067c       0xe0 C:\Users\failh\AppData\Local\Temp\ccwBPLFe.ltrans0.ltrans.o
 .text.audio_stop
                0x000000000000075c       0x4a C:\Users\failh\AppData\Local\Temp\ccwBPLFe.ltrans0.ltrans.o
 .text.mini_itoa.part.0
                0x00000000000007a6       0xba C:\Users\failh\AppData\Local\Temp\ccwBPLFe.ltrans0.ltrans.o
 .text.mini_pad
                0x0000000000000860       0x84 C:\Users\failh\AppData\Local\Temp\ccwBPLFe.ltrans0.ltrans.o
 .text.__puts_uart
                0x00000000000008e4        0xc C:\Users\failh\AppData\Local\Temp\ccwBPLFe.ltrans0.ltrans.o
 .text.TIM2_IRQHandler
                0x00000000000008f0       0x54 C:\Users\failh\AppData\Local\Temp\ccwBPLFe.ltrans0.ltrans.o
 .text.SystemInit
                0x0000000000000944       0x58 C:\Users\failh\AppData\Local\Temp\ccwBPLFe.ltrans0.ltrans.o
                0x0000000000000944                SystemInit
 .text.startup.main
                0x000000000000099c      0x47c C:\Users\failh\AppData\Local\Temp\ccwBPLFe.ltrans0.ltrans.o
                0x000000000000099c                main
 .text.vector_handler
                0x0000000000000e18       0x38 C:\Users\failh\AppData\Local\Temp\ccwBPLFe.ltrans0.ltrans.o
                0x0000000000000e18                NMI_RCC_CSS_IRQHandler
                0x0000000000000e18                NMI_Handler
                0x0000000000000e26                TIM8_CC_IRQHandler
                0x0000000000000e26                UART8_IRQHandler
                0x0000000000000e26                TIM1_CC_IRQHandler
                0x0000000000000e26                HardFault_Handler
                0x0000000000000e26                USBPD_IRQHandler
                0x0000000000000e26                TIM8_TRG_COM_IRQHandler
                0x0000000000000e26                SysTick_Handler
                0x0000000000000e26                PVD_IRQHandler
                0x0000000000000e26                SDIO_IRQHandler
                0x0000000000000e26                TIM9_BRK_IRQHandler
                0x0000000000000e26                DMA2_Channel8_IRQHandler
                0x0000000000000e26                TIM6_IRQHandler
                0x0000000000000e26                CAN2_RX1_IRQHandler
                0x0000000000000e26                EXTI3_IRQHandler
                0x0000000000000e26                USBHS_IRQHandler
                0x0000000000000e26                DMA2_Channel9_IRQHandler
                0x0000000000000e26                TIM10_CC_IRQHandler
                0x0000000000000e26                EXTI25_16_IRQHandler
                0x0000000000000e26                USBFS_IRQHandler
                0x0000000000000e26                EXTI0_IRQHandler
                0x0000000000000e26                I2C2_EV_IRQHandler
                0x0000000000000e26                TIM10_TRG_COM_IRQHandler
                0x0000000000000e26                CAN2_SCE_IRQHandler
                0x0000000000000e26                ADC1_2_IRQHandler
                0x0000000000000e26                BB_IRQHandler
                0x0000000000000e26                Break_Point_Handler
                0x0000000000000e26                TIM2_CC_IRQHandler
                0x0000000000000e26                SPI1_IRQHandler
                0x0000000000000e26                TAMPER_IRQHandler
                0x0000000000000e26                AWU_IRQHandler
                0x0000000000000e26                EXTI7_0_IRQHandler
                0x0000000000000e26                CAN2_RX0_IRQHandler
                0x0000000000000e26                OSCWakeUp_IRQHandler
                0x0000000000000e26                TIM8_UP_IRQHandler
                0x0000000000000e26                Ecall_M_Mode_Handler
                0x0000000000000e26                DMA2_Channel2_IRQHandler
                0x0000000000000e26                DMA1_Channel4_IRQHandler
                0x0000000000000e26                ADC1_IRQHandler
                0x0000000000000e26                TIM2_BRK_IRQHandler
                0x0000000000000e26                TIM9_UP_IRQHandler
                0x0000000000000e26                USART3_IRQHandler
                0x0000000000000e26                RTC_IRQHandler
                0x0000000000000e26                DMA1_Channel7_IRQHandler
                0x0000000000000e26                CAN1_RX1_IRQHandler
                0x0000000000000e26                DVP_IRQHandler
                0x0000000000000e26                UART5_IRQHandler
                0x0000000000000e26                EXTI15_8_IRQHandler
                0x0000000000000e26                TIM4_IRQHandler
                0x0000000000000e26                DMA2_Channel1_IRQHandler
                0x0000000000000e26                USBPD_WKUP_IRQHandler
                0x0000000000000e26                I2C1_EV_IRQHandler
                0x0000000000000e26                USART4_IRQHandler
                0x0000000000000e26                DMA1_Channel6_IRQHandler
                0x0000000000000e26                UART4_IRQHandler
                0x0000000000000e26                DMA2_Channel4_IRQHandler
                0x0000000000000e26                TIM3_IRQHandler
                0x0000000000000e26                RCC_IRQHandler
                0x0000000000000e26                TIM1_TRG_COM_IRQHandler
                0x0000000000000e26                DMA1_Channel1_IRQHandler
                0x0000000000000e26                DMA2_Channel7_IRQHandler
                0x0000000000000e26                EXTI15_10_IRQHandler
                0x0000000000000e26                DMA1_Channel8_IRQHandler
                0x0000000000000e26                DefaultIRQHandler
                0x0000000000000e26                TIM7_IRQHandler
                0x0000000000000e26                CAN2_TX_IRQHandler
                0x0000000000000e26                TIM5_IRQHandler
                0x0000000000000e26                EXTI2_IRQHandler
                0x0000000000000e26                EXTI9_5_IRQHandler
                0x0000000000000e26                PIOC_IRQHandler
                0x0000000000000e26                SPI2_IRQHandler
                0x0000000000000e26                OSC32KCal_IRQHandler
                0x0000000000000e26                TIM10_BRK_IRQHandler
                0x0000000000000e26                TIM9_CC_IRQHandler
                0x0000000000000e26                DMA2_Channel5_IRQHandler
                0x0000000000000e26                USBHSWakeUp_IRQHandler
                0x0000000000000e26                DMA1_Channel5_IRQHandler
                0x0000000000000e26                EXTI4_IRQHandler
                0x0000000000000e26                USB_LP_CAN1_RX0_IRQHandler
                0x0000000000000e26                RNG_IRQHandler
                0x0000000000000e26                USB_HP_CAN1_TX_IRQHandler
                0x0000000000000e26                LLE_IRQHandler
                0x0000000000000e26                DMA1_Channel3_IRQHandler
                0x0000000000000e26                FSMC_IRQHandler
                0x0000000000000e26                ETH_IRQHandler
                0x0000000000000e26                TIM1_UP_IRQHandler
                0x0000000000000e26                WWDG_IRQHandler
                0x0000000000000e26                DMA2_Channel11_IRQHandler
                0x0000000000000e26                Ecall_U_Mode_Handler
                0x0000000000000e26                DMA2_Channel6_IRQHandler
                0x0000000000000e26                SW_Handler
                0x0000000000000e26                TIM1_BRK_IRQHandler
                0x0000000000000e26                OPA_IRQHandler
                0x0000000000000e26                DMA2_Channel10_IRQHandler
                0x0000000000000e26                EXTI1_IRQHandler
                0x0000000000000e26                RTCAlarm_IRQHandler
                0x0000000000000e26                TIM10_UP_IRQHandler
                0x0000000000000e26                TIM9_TRG_COM_IRQHandler
                0x0000000000000e26                UART7_IRQHandler
                0x0000000000000e26                USART2_IRQHandler
                0x0000000000000e26                UART6_IRQHandler
                0x0000000000000e26                ETHWakeUp_IRQHandler
                0x0000000000000e26                I2C2_ER_IRQHandler
                0x0000000000000e26                DMA1_Channel2_IRQHandler
                0x0000000000000e26                TIM8_BRK_IRQHandler
                0x0000000000000e26                TIM2_TRG_IRQHandler
                0x0000000000000e26                CAN1_SCE_IRQHandler
                0x0000000000000e26                FLASH_IRQHandler
                0x0000000000000e26                USBFSWakeUp_IRQHandler
                0x0000000000000e26                USART1_IRQHandler
                0x0000000000000e26                OTG_FS_IRQHandler
                0x0000000000000e26                SPI3_IRQHandler
                0x0000000000000e26                USBFS_WakeUp_IRQHandler
                0x0000000000000e26                I2C1_ER_IRQHandler
                0x0000000000000e26                USBWakeUp_IRQHandler
                0x0000000000000e26                DMA2_Channel3_IRQHandler
 .text.strlen   0x0000000000000e50       0x12 C:\Users\failh\AppData\Local\Temp\ccwBPLFe.ltrans0.ltrans.o
                0x0000000000000e50                strlen
 .text.mini_vpprintf
                0x0000000000000e62      0x19e C:\Users\failh\AppData\Local\Temp\ccwBPLFe.ltrans0.ltrans.o
 .text.printf   0x0000000000001000       0x2a C:\Users\failh\AppData\Local\Temp\ccwBPLFe.ltrans0.ltrans.o
                0x0000000000001000                printf
 .text.handle_reset
                0x000000000000102a       0x7a C:\Users\failh\AppData\Local\Temp\ccwBPLFe.ltrans0.ltrans.o
                0x000000000000102a                handle_reset
 *(.rodata)
 *fill*         0x00000000000010a4        0x0 
 .rodata        0x00000000000010a4      0x100 C:\Users\failh\.platformio\packages\framework-ch32v003fun\misc\libgcc.a(_clz.o)
                0x00000000000010a4                __clz_tab
 *(.rodata*)
 .rodata.base   0x00000000000011a4       0x30 C:\Users\failh\AppData\Local\Temp\ccwBPLFe.ltrans0.ltrans.o
 .rodata.main.cst4
                0x00000000000011d4        0x8 C:\Users\failh\AppData\Local\Temp\ccwBPLFe.ltrans0.ltrans.o
 .rodata.note_audio
                0x00000000000011dc     0x22c0 C:\Users\failh\AppData\Local\Temp\ccwBPLFe.ltrans0.ltrans.o
 .rodata.sample_delays
                0x000000000000349c       0x1a C:\Users\failh\AppData\Local\Temp\ccwBPLFe.ltrans0.ltrans.o
 *fill*         0x00000000000034b6        0x2 
 .rodata.touch_info
                0x00000000000034b8       0x60 C:\Users\failh\AppData\Local\Temp\ccwBPLFe.ltrans0.ltrans.o
 .rodata.vector_handler.str1.4
                0x0000000000003518       0x34 C:\Users\failh\AppData\Local\Temp\ccwBPLFe.ltrans0.ltrans.o
 *(.gnu.linkonce.t.*)
                0x000000000000354c                . = ALIGN (0x4)

.fini           0x000000000000354c        0x0
 *(SORT_NONE(.fini))
                0x000000000000354c                . = ALIGN (0x4)
                [!provide]                        PROVIDE (_etext = .)
                [!provide]                        PROVIDE (_eitcm = .)

.preinit_array  0x000000000000354c        0x0
                [!provide]                        PROVIDE (__preinit_array_start = .)
 *(.preinit_array)
                [!provide]                        PROVIDE (__preinit_array_end = .)

.init_array     0x000000000000354c        0x0
                [!provide]                        PROVIDE (__init_array_start = .)
 *(SORT_BY_INIT_PRIORITY(.init_array.*) SORT_BY_INIT_PRIORITY(.ctors.*))
 *(.init_array EXCLUDE_FILE(*crtend?.o *crtend.o *crtbegin?.o *crtbegin.o) .ctors)
                [!provide]                        PROVIDE (__init_array_end = .)

.fini_array     0x000000000000354c        0x0
                [!provide]                        PROVIDE (__fini_array_start = .)
 *(SORT_BY_INIT_PRIORITY(.fini_array.*) SORT_BY_INIT_PRIORITY(.dtors.*))
 *(.fini_array EXCLUDE_FILE(*crtend?.o *crtend.o *crtbegin?.o *crtbegin.o) .dtors)
                [!provide]                        PROVIDE (__fini_array_end = .)

.ctors
 *crtbegin.o(.ctors)
 *crtbegin?.o(.ctors)
 *(EXCLUDE_FILE(*crtend?.o *crtend.o) .ctors)
 *(SORT_BY_NAME(.ctors.*))
 *(.ctors)

.dtors
 *crtbegin.o(.dtors)
 *crtbegin?.o(.dtors)
 *(EXCLUDE_FILE(*crtend?.o *crtend.o) .dtors)
 *(SORT_BY_NAME(.dtors.*))
 *(.dtors)

.dalign         0x0000000020000000        0x0 load address 0x000000000000354c
                0x0000000020000000                . = ALIGN (0x4)
                0x0000000020000000                PROVIDE (_data_vma = .)

.dlalign        0x000000000000354c        0x0
                0x000000000000354c                . = ALIGN (0x4)
                0x000000000000354c                PROVIDE (_data_lma = .)

.data           0x0000000020000000      0x108 load address 0x000000000000354c
                0x0000000020000000                . = ALIGN (0x4)
 *(.gnu.linkonce.r.*)
 *(.data .data.*)
 *(.gnu.linkonce.d.*)
                0x0000000020000000                . = ALIGN (0x8)
                0x0000000020000800                PROVIDE (__global_pointer$ = (. + 0x800))
 *(.sdata .sdata.*)
 *(.sdata2*)
 *(.gnu.linkonce.s.*)
                0x0000000020000000                . = ALIGN (0x8)
 *(.srodata.cst16)
 *(.srodata.cst8)
 *(.srodata.cst4)
 *(.srodata.cst2)
 *(.srodata .srodata.*)
 .srodata       0x0000000020000000      0x108 C:\Users\failh\AppData\Local\Temp\ccwBPLFe.ltrans0.ltrans.o
                0x0000000020000108                . = ALIGN (0x4)
                0x0000000020000108                PROVIDE (_edata = .)

.rela.dyn       0x0000000020000108        0x0 load address 0x0000000000003654
 .rela.text.vector_handler
                0x0000000020000108        0x0 C:\Users\failh\AppData\Local\Temp\ccwBPLFe.ltrans0.ltrans.o
 .rela.text.mini_vpprintf
                0x0000000020000108        0x0 C:\Users\failh\AppData\Local\Temp\ccwBPLFe.ltrans0.ltrans.o
 .rela.text.handle_reset
                0x0000000020000108        0x0 C:\Users\failh\AppData\Local\Temp\ccwBPLFe.ltrans0.ltrans.o

.bss            0x0000000020000108       0x5c load address 0x0000000000003654
                0x0000000020000108                . = ALIGN (0x4)
                0x0000000020000108                PROVIDE (_sbss = .)
 *(.sbss*)
 *(.gnu.linkonce.sb.*)
 *(.bss*)
 .bss.audio_playing
                0x0000000020000108        0x1 C:\Users\failh\AppData\Local\Temp\ccwBPLFe.ltrans0.ltrans.o
 .bss.color_index_start
                0x0000000020000109        0x1 C:\Users\failh\AppData\Local\Temp\ccwBPLFe.ltrans0.ltrans.o
 .bss.idx       0x000000002000010a        0x2 C:\Users\failh\AppData\Local\Temp\ccwBPLFe.ltrans0.ltrans.o
 .bss.leds      0x000000002000010c       0x30 C:\Users\failh\AppData\Local\Temp\ccwBPLFe.ltrans0.ltrans.o
 .bss.pwr_down_counter
                0x000000002000013c        0x4 C:\Users\failh\AppData\Local\Temp\ccwBPLFe.ltrans0.ltrans.o
 .bss.read_last
                0x0000000020000140        0x1 C:\Users\failh\AppData\Local\Temp\ccwBPLFe.ltrans0.ltrans.o
 .bss.read_previous
                0x0000000020000141        0x1 C:\Users\failh\AppData\Local\Temp\ccwBPLFe.ltrans0.ltrans.o
 *fill*         0x0000000020000142        0x2 
 .bss.touch_base
                0x0000000020000144       0x20 C:\Users\failh\AppData\Local\Temp\ccwBPLFe.ltrans0.ltrans.o
 *(.gnu.linkonce.b.*)
 *(COMMON*)
                0x0000000020000164                . = ALIGN (0x4)
                0x0000000020000164                PROVIDE (_ebss = .)
                [!provide]                        PROVIDE (_end = _ebss)
                [!provide]                        PROVIDE (end = .)
                0x0000000020000800                PROVIDE (_eusrstack = (ORIGIN (RAM) + LENGTH (RAM)))

/DISCARD/
 *(.note .note.*)
 *(.eh_frame .eh_frame.*)
 *(.comment .comment.*)
 *(.ARM.extab* .gnu.linkonce.armextab.*)
 *(.ARM.exidx*)
OUTPUT(.pio\build\genericCH32V003F4U6\firmware.elf elf32-littleriscv)

.riscv.attributes
                0x0000000000000000       0x21
 .riscv.attributes
                0x0000000000000000       0x21 C:\Users\failh\.platformio\packages\framework-ch32v003fun\misc\libgcc.a(mulsf3.o)
 .riscv.attributes
                0x0000000000000021       0x21 C:\Users\failh\.platformio\packages\framework-ch32v003fun\misc\libgcc.a(fixsfsi.o)
 .riscv.attributes
                0x0000000000000042       0x21 C:\Users\failh\.platformio\packages\framework-ch32v003fun\misc\libgcc.a(floatsisf.o)
 .riscv.attributes
                0x0000000000000063       0x1f C:\Users\failh\.platformio\packages\framework-ch32v003fun\misc\libgcc.a(save-restore.o)
 .riscv.attributes
                0x0000000000000082       0x1f C:\Users\failh\.platformio\packages\framework-ch32v003fun\misc\libgcc.a(muldi3.o)
 .riscv.attributes
                0x00000000000000a1       0x1f C:\Users\failh\.platformio\packages\framework-ch32v003fun\misc\libgcc.a(div.o)
 .riscv.attributes
                0x00000000000000c0       0x21 C:\Users\failh\.platformio\packages\framework-ch32v003fun\misc\libgcc.a(_clzsi2.o)
 .riscv.attributes
                0x00000000000000e1       0x21 C:\Users\failh\.platformio\packages\framework-ch32v003fun\misc\libgcc.a(_clz.o)

.debug_info     0x0000000000000000      0xab4
 .debug_info    0x0000000000000000      0x3e0 C:\Users\failh\.platformio\packages\framework-ch32v003fun\misc\libgcc.a(mulsf3.o)
 .debug_info    0x00000000000003e0      0x1b1 C:\Users\failh\.platformio\packages\framework-ch32v003fun\misc\libgcc.a(fixsfsi.o)
 .debug_info    0x0000000000000591      0x213 C:\Users\failh\.platformio\packages\framework-ch32v003fun\misc\libgcc.a(floatsisf.o)
 .debug_info    0x00000000000007a4       0x68 C:\Users\failh\.platformio\packages\framework-ch32v003fun\misc\libgcc.a(save-restore.o)
 .debug_info    0x000000000000080c       0x31 C:\Users\failh\.platformio\packages\framework-ch32v003fun\misc\libgcc.a(muldi3.o)
 .debug_info    0x000000000000083d       0x5d C:\Users\failh\.platformio\packages\framework-ch32v003fun\misc\libgcc.a(div.o)
 .debug_info    0x000000000000089a      0x142 C:\Users\failh\.platformio\packages\framework-ch32v003fun\misc\libgcc.a(_clzsi2.o)
 .debug_info    0x00000000000009dc       0xd8 C:\Users\failh\.platformio\packages\framework-ch32v003fun\misc\libgcc.a(_clz.o)

.debug_abbrev   0x0000000000000000      0x5f4
 .debug_abbrev  0x0000000000000000      0x178 C:\Users\failh\.platformio\packages\framework-ch32v003fun\misc\libgcc.a(mulsf3.o)
 .debug_abbrev  0x0000000000000178      0x15d C:\Users\failh\.platformio\packages\framework-ch32v003fun\misc\libgcc.a(fixsfsi.o)
 .debug_abbrev  0x00000000000002d5      0x16d C:\Users\failh\.platformio\packages\framework-ch32v003fun\misc\libgcc.a(floatsisf.o)
 .debug_abbrev  0x0000000000000442       0x28 C:\Users\failh\.platformio\packages\framework-ch32v003fun\misc\libgcc.a(save-restore.o)
 .debug_abbrev  0x000000000000046a       0x28 C:\Users\failh\.platformio\packages\framework-ch32v003fun\misc\libgcc.a(muldi3.o)
 .debug_abbrev  0x0000000000000492       0x28 C:\Users\failh\.platformio\packages\framework-ch32v003fun\misc\libgcc.a(div.o)
 .debug_abbrev  0x00000000000004ba       0xca C:\Users\failh\.platformio\packages\framework-ch32v003fun\misc\libgcc.a(_clzsi2.o)
 .debug_abbrev  0x0000000000000584       0x70 C:\Users\failh\.platformio\packages\framework-ch32v003fun\misc\libgcc.a(_clz.o)

.debug_loclists
                0x0000000000000000      0x979
 .debug_loclists
                0x0000000000000000      0x643 C:\Users\failh\.platformio\packages\framework-ch32v003fun\misc\libgcc.a(mulsf3.o)
 .debug_loclists
                0x0000000000000643      0x106 C:\Users\failh\.platformio\packages\framework-ch32v003fun\misc\libgcc.a(fixsfsi.o)
 .debug_loclists
                0x0000000000000749      0x1ce C:\Users\failh\.platformio\packages\framework-ch32v003fun\misc\libgcc.a(floatsisf.o)
 .debug_loclists
                0x0000000000000917       0x62 C:\Users\failh\.platformio\packages\framework-ch32v003fun\misc\libgcc.a(_clzsi2.o)

.debug_aranges  0x0000000000000000       0xf8
 .debug_aranges
                0x0000000000000000       0x20 C:\Users\failh\.platformio\packages\framework-ch32v003fun\misc\libgcc.a(mulsf3.o)
 .debug_aranges
                0x0000000000000020       0x20 C:\Users\failh\.platformio\packages\framework-ch32v003fun\misc\libgcc.a(fixsfsi.o)
 .debug_aranges
                0x0000000000000040       0x20 C:\Users\failh\.platformio\packages\framework-ch32v003fun\misc\libgcc.a(floatsisf.o)
 .debug_aranges
                0x0000000000000060       0x20 C:\Users\failh\.platformio\packages\framework-ch32v003fun\misc\libgcc.a(save-restore.o)
 .debug_aranges
                0x0000000000000080       0x20 C:\Users\failh\.platformio\packages\framework-ch32v003fun\misc\libgcc.a(muldi3.o)
 .debug_aranges
                0x00000000000000a0       0x20 C:\Users\failh\.platformio\packages\framework-ch32v003fun\misc\libgcc.a(div.o)
 .debug_aranges
                0x00000000000000c0       0x20 C:\Users\failh\.platformio\packages\framework-ch32v003fun\misc\libgcc.a(_clzsi2.o)
 .debug_aranges
                0x00000000000000e0       0x18 C:\Users\failh\.platformio\packages\framework-ch32v003fun\misc\libgcc.a(_clz.o)

.debug_rnglists
                0x0000000000000000      0x181
 .debug_rnglists
                0x0000000000000000       0xb4 C:\Users\failh\.platformio\packages\framework-ch32v003fun\misc\libgcc.a(mulsf3.o)
 .debug_rnglists
                0x00000000000000b4       0x1f C:\Users\failh\.platformio\packages\framework-ch32v003fun\misc\libgcc.a(fixsfsi.o)
 .debug_rnglists
                0x00000000000000d3       0x86 C:\Users\failh\.platformio\packages\framework-ch32v003fun\misc\libgcc.a(floatsisf.o)
 .debug_rnglists
                0x0000000000000159       0x28 C:\Users\failh\.platformio\packages\framework-ch32v003fun\misc\libgcc.a(_clzsi2.o)

.debug_line     0x0000000000000000     0x10b5
 .debug_line    0x0000000000000000      0x827 C:\Users\failh\.platformio\packages\framework-ch32v003fun\misc\libgcc.a(mulsf3.o)
 .debug_line    0x0000000000000827      0x1db C:\Users\failh\.platformio\packages\framework-ch32v003fun\misc\libgcc.a(fixsfsi.o)
 .debug_line    0x0000000000000a02      0x35b C:\Users\failh\.platformio\packages\framework-ch32v003fun\misc\libgcc.a(floatsisf.o)
 .debug_line    0x0000000000000d5d       0x81 C:\Users\failh\.platformio\packages\framework-ch32v003fun\misc\libgcc.a(save-restore.o)
 .debug_line    0x0000000000000dde       0x7a C:\Users\failh\.platformio\packages\framework-ch32v003fun\misc\libgcc.a(muldi3.o)
 .debug_line    0x0000000000000e58      0x153 C:\Users\failh\.platformio\packages\framework-ch32v003fun\misc\libgcc.a(div.o)
 .debug_line    0x0000000000000fab       0xcb C:\Users\failh\.platformio\packages\framework-ch32v003fun\misc\libgcc.a(_clzsi2.o)
 .debug_line    0x0000000000001076       0x3f C:\Users\failh\.platformio\packages\framework-ch32v003fun\misc\libgcc.a(_clz.o)

.debug_str      0x0000000000000000      0x518
 .debug_str     0x0000000000000000      0x262 C:\Users\failh\.platformio\packages\framework-ch32v003fun\misc\libgcc.a(mulsf3.o)
                                        0x29c (size before relaxing)
 .debug_str     0x0000000000000262       0x25 C:\Users\failh\.platformio\packages\framework-ch32v003fun\misc\libgcc.a(fixsfsi.o)
                                        0x1a3 (size before relaxing)
 .debug_str     0x0000000000000287       0xa6 C:\Users\failh\.platformio\packages\framework-ch32v003fun\misc\libgcc.a(floatsisf.o)
                                        0x233 (size before relaxing)
 .debug_str     0x000000000000032d      0x10c C:\Users\failh\.platformio\packages\framework-ch32v003fun\misc\libgcc.a(save-restore.o)
 .debug_str     0x0000000000000439       0x35 C:\Users\failh\.platformio\packages\framework-ch32v003fun\misc\libgcc.a(muldi3.o)
                                         0xac (size before relaxing)
 .debug_str     0x000000000000046e       0x58 C:\Users\failh\.platformio\packages\framework-ch32v003fun\misc\libgcc.a(div.o)
                                         0xd9 (size before relaxing)
 .debug_str     0x00000000000004c6       0x52 C:\Users\failh\.platformio\packages\framework-ch32v003fun\misc\libgcc.a(_clzsi2.o)
                                        0x1b8 (size before relaxing)
 .debug_str     0x0000000000000518      0x19b C:\Users\failh\.platformio\packages\framework-ch32v003fun\misc\libgcc.a(_clz.o)

.debug_line_str
                0x0000000000000000      0x194
 .debug_line_str
                0x0000000000000000       0xc1 C:\Users\failh\.platformio\packages\framework-ch32v003fun\misc\libgcc.a(mulsf3.o)
                                        0x13c (size before relaxing)
 .debug_line_str
                0x00000000000000c1       0x28 C:\Users\failh\.platformio\packages\framework-ch32v003fun\misc\libgcc.a(fixsfsi.o)
                                        0x13f (size before relaxing)
 .debug_line_str
                0x00000000000000e9       0x2a C:\Users\failh\.platformio\packages\framework-ch32v003fun\misc\libgcc.a(floatsisf.o)
                                        0x145 (size before relaxing)
 .debug_line_str
                0x0000000000000113       0x32 C:\Users\failh\.platformio\packages\framework-ch32v003fun\misc\libgcc.a(save-restore.o)
                                         0x9b (size before relaxing)
 .debug_line_str
                0x0000000000000145        0x9 C:\Users\failh\.platformio\packages\framework-ch32v003fun\misc\libgcc.a(muldi3.o)
                                         0x95 (size before relaxing)
 .debug_line_str
                0x000000000000014e        0x6 C:\Users\failh\.platformio\packages\framework-ch32v003fun\misc\libgcc.a(div.o)
                                         0x92 (size before relaxing)
 .debug_line_str
                0x0000000000000154       0x40 C:\Users\failh\.platformio\packages\framework-ch32v003fun\misc\libgcc.a(_clzsi2.o)
                                        0x126 (size before relaxing)
 .debug_line_str
                0x0000000000000194      0x126 C:\Users\failh\.platformio\packages\framework-ch32v003fun\misc\libgcc.a(_clz.o)

.debug_frame    0x0000000000000000       0xb0
 .debug_frame   0x0000000000000000       0x38 C:\Users\failh\.platformio\packages\framework-ch32v003fun\misc\libgcc.a(mulsf3.o)
 .debug_frame   0x0000000000000038       0x20 C:\Users\failh\.platformio\packages\framework-ch32v003fun\misc\libgcc.a(fixsfsi.o)
 .debug_frame   0x0000000000000058       0x38 C:\Users\failh\.platformio\packages\framework-ch32v003fun\misc\libgcc.a(floatsisf.o)
 .debug_frame   0x0000000000000090       0x20 C:\Users\failh\.platformio\packages\framework-ch32v003fun\misc\libgcc.a(_clzsi2.o)
