Archive member included to satisfy reference by file (symbol)

/home/hexum/.platformio/packages/framework-ch32v003fun/misc/libgcc.a(mulsf3.o)
                              /tmp/cc6QbVrm.ltrans0.ltrans.o (__mulsf3)
/home/hexum/.platformio/packages/framework-ch32v003fun/misc/libgcc.a(fixsfsi.o)
                              /tmp/cc6QbVrm.ltrans0.ltrans.o (__fixsfsi)
/home/hexum/.platformio/packages/framework-ch32v003fun/misc/libgcc.a(floatsisf.o)
                              /tmp/cc6QbVrm.ltrans0.ltrans.o (__floatsisf)
/home/hexum/.platformio/packages/framework-ch32v003fun/misc/libgcc.a(save-restore.o)
                              /tmp/cc6QbVrm.ltrans0.ltrans.o (__riscv_save_2)
/home/hexum/.platformio/packages/framework-ch32v003fun/misc/libgcc.a(muldi3.o)
                              /home/hexum/.platformio/packages/framework-ch32v003fun/misc/libgcc.a(mulsf3.o) (__mulsi3)
/home/hexum/.platformio/packages/framework-ch32v003fun/misc/libgcc.a(div.o)
                              /tmp/cc6QbVrm.ltrans0.ltrans.o (__udivsi3)
/home/hexum/.platformio/packages/framework-ch32v003fun/misc/libgcc.a(_clzsi2.o)
                              /home/hexum/.platformio/packages/framework-ch32v003fun/misc/libgcc.a(mulsf3.o) (__clzsi2)
/home/hexum/.platformio/packages/framework-ch32v003fun/misc/libgcc.a(_clz.o)
                              /home/hexum/.platformio/packages/framework-ch32v003fun/misc/libgcc.a(_clzsi2.o) (__clz_tab)

Discarded input sections

 .comment       0x0000000000000000       0x68 /tmp/ccv2Q51zdebugobj
 .debug_info    0x0000000000000000     0x2d30 /tmp/ccv2Q51zdebugobj
 .debug_abbrev  0x0000000000000000      0x68b /tmp/ccv2Q51zdebugobj
 .debug_line    0x0000000000000000      0x43b /tmp/ccv2Q51zdebugobj
 .debug_str     0x0000000000000000     0x1828 /tmp/ccv2Q51zdebugobj
 .text          0x0000000000000000        0x0 /tmp/cc6QbVrm.ltrans0.ltrans.o
 .data          0x0000000000000000        0x0 /tmp/cc6QbVrm.ltrans0.ltrans.o
 .bss           0x0000000000000000        0x0 /tmp/cc6QbVrm.ltrans0.ltrans.o
 .text.internal_handle_input.constprop.4
                0x0000000000000000        0xa /tmp/cc6QbVrm.ltrans0.ltrans.o
 .text._write.constprop.3
                0x0000000000000000       0xd4 /tmp/cc6QbVrm.ltrans0.ltrans.o
 .text.mini_itoa.part.0
                0x0000000000000000       0xd0 /tmp/cc6QbVrm.ltrans0.ltrans.o
 .text._puts    0x0000000000000000       0x3e /tmp/cc6QbVrm.ltrans0.ltrans.o
 .text.mini_pad
                0x0000000000000000       0x84 /tmp/cc6QbVrm.ltrans0.ltrans.o
 .text.__puts_uart
                0x0000000000000000       0x1c /tmp/cc6QbVrm.ltrans0.ltrans.o
 .text.putchar  0x0000000000000000       0x4e /tmp/cc6QbVrm.ltrans0.ltrans.o
 .text.memchr   0x0000000000000000       0x1a /tmp/cc6QbVrm.ltrans0.ltrans.o
 .text.memcmp   0x0000000000000000       0x24 /tmp/cc6QbVrm.ltrans0.ltrans.o
 .text.twoway_strstr
                0x0000000000000000      0x21c /tmp/cc6QbVrm.ltrans0.ltrans.o
 .text.memcpy   0x0000000000000000       0x18 /tmp/cc6QbVrm.ltrans0.ltrans.o
 .text.memmove  0x0000000000000000       0x68 /tmp/cc6QbVrm.ltrans0.ltrans.o
 .text.strncmp  0x0000000000000000       0x2a /tmp/cc6QbVrm.ltrans0.ltrans.o
 .text.strcmp   0x0000000000000000       0x22 /tmp/cc6QbVrm.ltrans0.ltrans.o
 .text.strncpy  0x0000000000000000       0x16 /tmp/cc6QbVrm.ltrans0.ltrans.o
 .text.strcpy   0x0000000000000000       0x10 /tmp/cc6QbVrm.ltrans0.ltrans.o
 .text.memset   0x0000000000000000       0x10 /tmp/cc6QbVrm.ltrans0.ltrans.o
 .text.strlen   0x0000000000000000       0x12 /tmp/cc6QbVrm.ltrans0.ltrans.o
 .text.mini_vpprintf
                0x0000000000000000      0x1b4 /tmp/cc6QbVrm.ltrans0.ltrans.o
 .text.mini_vsnprintf
                0x0000000000000000       0x40 /tmp/cc6QbVrm.ltrans0.ltrans.o
 .text.puts     0x0000000000000000       0x3e /tmp/cc6QbVrm.ltrans0.ltrans.o
 .text.strrchr  0x0000000000000000       0x3e /tmp/cc6QbVrm.ltrans0.ltrans.o
 .text.strchr   0x0000000000000000       0x36 /tmp/cc6QbVrm.ltrans0.ltrans.o
 .text.strstr   0x0000000000000000      0x130 /tmp/cc6QbVrm.ltrans0.ltrans.o
 .text.sprintf  0x0000000000000000       0x28 /tmp/cc6QbVrm.ltrans0.ltrans.o
 .text.snprintf
                0x0000000000000000       0x1c /tmp/cc6QbVrm.ltrans0.ltrans.o
 .text.vprintf  0x0000000000000000       0x26 /tmp/cc6QbVrm.ltrans0.ltrans.o
 .text.printf   0x0000000000000000       0x30 /tmp/cc6QbVrm.ltrans0.ltrans.o
 .data.ADCPrescTable.lto_priv.6
                0x0000000000000000       0x14 /tmp/cc6QbVrm.ltrans0.ltrans.o
 .data.ADCPrescTable.lto_priv.7
                0x0000000000000000       0x14 /tmp/cc6QbVrm.ltrans0.ltrans.o
 .data.APBAHBPrescTable.lto_priv.8
                0x0000000000000000       0x10 /tmp/cc6QbVrm.ltrans0.ltrans.o
 .data.APBAHBPrescTable.lto_priv.9
                0x0000000000000000       0x10 /tmp/cc6QbVrm.ltrans0.ltrans.o
 .rodata.puts.str1.4
                0x0000000000000000        0x2 /tmp/cc6QbVrm.ltrans0.ltrans.o
 .comment       0x0000000000000000       0x34 /tmp/cc6QbVrm.ltrans0.ltrans.o
 .data          0x0000000000000000        0x0 /home/hexum/.platformio/packages/framework-ch32v003fun/misc/libgcc.a(mulsf3.o)
 .bss           0x0000000000000000        0x0 /home/hexum/.platformio/packages/framework-ch32v003fun/misc/libgcc.a(mulsf3.o)
 .comment       0x0000000000000000       0x1c /home/hexum/.platformio/packages/framework-ch32v003fun/misc/libgcc.a(mulsf3.o)
 .data          0x0000000000000000        0x0 /home/hexum/.platformio/packages/framework-ch32v003fun/misc/libgcc.a(fixsfsi.o)
 .bss           0x0000000000000000        0x0 /home/hexum/.platformio/packages/framework-ch32v003fun/misc/libgcc.a(fixsfsi.o)
 .comment       0x0000000000000000       0x1c /home/hexum/.platformio/packages/framework-ch32v003fun/misc/libgcc.a(fixsfsi.o)
 .data          0x0000000000000000        0x0 /home/hexum/.platformio/packages/framework-ch32v003fun/misc/libgcc.a(floatsisf.o)
 .bss           0x0000000000000000        0x0 /home/hexum/.platformio/packages/framework-ch32v003fun/misc/libgcc.a(floatsisf.o)
 .comment       0x0000000000000000       0x1c /home/hexum/.platformio/packages/framework-ch32v003fun/misc/libgcc.a(floatsisf.o)
 .data          0x0000000000000000        0x0 /home/hexum/.platformio/packages/framework-ch32v003fun/misc/libgcc.a(save-restore.o)
 .bss           0x0000000000000000        0x0 /home/hexum/.platformio/packages/framework-ch32v003fun/misc/libgcc.a(save-restore.o)
 .eh_frame      0x0000000000000000       0x68 /home/hexum/.platformio/packages/framework-ch32v003fun/misc/libgcc.a(save-restore.o)
 .data          0x0000000000000000        0x0 /home/hexum/.platformio/packages/framework-ch32v003fun/misc/libgcc.a(muldi3.o)
 .bss           0x0000000000000000        0x0 /home/hexum/.platformio/packages/framework-ch32v003fun/misc/libgcc.a(muldi3.o)
 .text          0x0000000000000000       0x80 /home/hexum/.platformio/packages/framework-ch32v003fun/misc/libgcc.a(div.o)
 .data          0x0000000000000000        0x0 /home/hexum/.platformio/packages/framework-ch32v003fun/misc/libgcc.a(div.o)
 .bss           0x0000000000000000        0x0 /home/hexum/.platformio/packages/framework-ch32v003fun/misc/libgcc.a(div.o)
 .debug_line    0x0000000000000000      0x153 /home/hexum/.platformio/packages/framework-ch32v003fun/misc/libgcc.a(div.o)
 .debug_line_str
                0x0000000000000000       0x92 /home/hexum/.platformio/packages/framework-ch32v003fun/misc/libgcc.a(div.o)
 .debug_info    0x0000000000000000       0x5d /home/hexum/.platformio/packages/framework-ch32v003fun/misc/libgcc.a(div.o)
 .debug_abbrev  0x0000000000000000       0x28 /home/hexum/.platformio/packages/framework-ch32v003fun/misc/libgcc.a(div.o)
 .debug_aranges
                0x0000000000000000       0x20 /home/hexum/.platformio/packages/framework-ch32v003fun/misc/libgcc.a(div.o)
 .debug_str     0x0000000000000000       0xd9 /home/hexum/.platformio/packages/framework-ch32v003fun/misc/libgcc.a(div.o)
 .riscv.attributes
                0x0000000000000000       0x1f /home/hexum/.platformio/packages/framework-ch32v003fun/misc/libgcc.a(div.o)
 .data          0x0000000000000000        0x0 /home/hexum/.platformio/packages/framework-ch32v003fun/misc/libgcc.a(_clzsi2.o)
 .bss           0x0000000000000000        0x0 /home/hexum/.platformio/packages/framework-ch32v003fun/misc/libgcc.a(_clzsi2.o)
 .comment       0x0000000000000000       0x1c /home/hexum/.platformio/packages/framework-ch32v003fun/misc/libgcc.a(_clzsi2.o)
 .text          0x0000000000000000        0x0 /home/hexum/.platformio/packages/framework-ch32v003fun/misc/libgcc.a(_clz.o)
 .data          0x0000000000000000        0x0 /home/hexum/.platformio/packages/framework-ch32v003fun/misc/libgcc.a(_clz.o)
 .bss           0x0000000000000000        0x0 /home/hexum/.platformio/packages/framework-ch32v003fun/misc/libgcc.a(_clz.o)
 .comment       0x0000000000000000       0x1c /home/hexum/.platformio/packages/framework-ch32v003fun/misc/libgcc.a(_clz.o)

Memory Configuration

Name             Origin             Length             Attributes
FLASH            0x0000000000000000 0x0000000000004000 xr
RAM              0x0000000020000000 0x0000000000000800 xrw
*default*        0x0000000000000000 0xffffffffffffffff

Linker script and memory map

LOAD /tmp/ccv2Q51zdebugobj
LOAD /tmp/cc6QbVrm.ltrans0.ltrans.o
START GROUP
LOAD /home/hexum/.platformio/packages/toolchain-riscv/bin/../lib/gcc/riscv-none-embed/8.2.0/../../../../riscv-none-embed/lib/rv32ecxw/ilp32e/libm.a
LOAD /home/hexum/.platformio/packages/framework-ch32v003fun/misc/libgcc.a
END GROUP

.init           0x0000000000000000       0xa0
                0x0000000000000000                _sinit = .
                0x0000000000000000                . = ALIGN (0x4)
 *(SORT_NONE(.init))
 .init          0x0000000000000000       0x9e /tmp/cc6QbVrm.ltrans0.ltrans.o
                0x0000000000000000                InterruptVector
                0x00000000000000a0                . = ALIGN (0x4)
 *fill*         0x000000000000009e        0x2 
                0x00000000000000a0                _einit = .

.text           0x00000000000000a0     0x2fcc
                0x00000000000000a0                . = ALIGN (0x4)
 *(.text)
 .text          0x00000000000000a0      0x264 /home/hexum/.platformio/packages/framework-ch32v003fun/misc/libgcc.a(mulsf3.o)
                0x00000000000000a0                __mulsf3
 .text          0x0000000000000304       0x5e /home/hexum/.platformio/packages/framework-ch32v003fun/misc/libgcc.a(fixsfsi.o)
                0x0000000000000304                __fixsfsi
 .text          0x0000000000000362       0xbe /home/hexum/.platformio/packages/framework-ch32v003fun/misc/libgcc.a(floatsisf.o)
                0x0000000000000362                __floatsisf
 .text          0x0000000000000420       0x14 /home/hexum/.platformio/packages/framework-ch32v003fun/misc/libgcc.a(save-restore.o)
                0x0000000000000420                __riscv_save_1
                0x0000000000000420                __riscv_save_2
                0x0000000000000420                __riscv_save_0
                0x000000000000042a                __riscv_restore_2
                0x000000000000042a                __riscv_restore_0
                0x000000000000042a                __riscv_restore_1
 *fill*         0x0000000000000434        0x0 
 .text          0x0000000000000434       0x16 /home/hexum/.platformio/packages/framework-ch32v003fun/misc/libgcc.a(muldi3.o)
                0x0000000000000434                __mulsi3
 .text          0x000000000000044a       0x3a /home/hexum/.platformio/packages/framework-ch32v003fun/misc/libgcc.a(_clzsi2.o)
                0x000000000000044a                __clzsi2
 *(.text.*)
 .text.leds_send_one
                0x0000000000000484       0xe0 /tmp/cc6QbVrm.ltrans0.ltrans.o
 .text.audio_stop
                0x0000000000000564       0x4a /tmp/cc6QbVrm.ltrans0.ltrans.o
 .text.TIM2_IRQHandler
                0x00000000000005ae       0x54 /tmp/cc6QbVrm.ltrans0.ltrans.o
 .text.SystemInit
                0x0000000000000602       0x58 /tmp/cc6QbVrm.ltrans0.ltrans.o
                0x0000000000000602                SystemInit
 .text.startup.main
                0x000000000000065a      0x574 /tmp/cc6QbVrm.ltrans0.ltrans.o
                0x000000000000065a                main
 .text.vector_handler
                0x0000000000000bce       0x10 /tmp/cc6QbVrm.ltrans0.ltrans.o
                0x0000000000000bce                TIM1_CC_IRQHandler
                0x0000000000000bce                HardFault_Handler
                0x0000000000000bce                SysTick_Handler
                0x0000000000000bce                PVD_IRQHandler
                0x0000000000000bce                SPI1_IRQHandler
                0x0000000000000bce                AWU_IRQHandler
                0x0000000000000bce                EXTI7_0_IRQHandler
                0x0000000000000bce                DMA1_Channel4_IRQHandler
                0x0000000000000bce                ADC1_IRQHandler
                0x0000000000000bce                DMA1_Channel7_IRQHandler
                0x0000000000000bce                I2C1_EV_IRQHandler
                0x0000000000000bce                DMA1_Channel6_IRQHandler
                0x0000000000000bce                RCC_IRQHandler
                0x0000000000000bce                TIM1_TRG_COM_IRQHandler
                0x0000000000000bce                DMA1_Channel1_IRQHandler
                0x0000000000000bce                DefaultIRQHandler
                0x0000000000000bce                DMA1_Channel5_IRQHandler
                0x0000000000000bce                DMA1_Channel3_IRQHandler
                0x0000000000000bce                TIM1_UP_IRQHandler
                0x0000000000000bce                WWDG_IRQHandler
                0x0000000000000bce                SW_Handler
                0x0000000000000bce                TIM1_BRK_IRQHandler
                0x0000000000000bce                DMA1_Channel2_IRQHandler
                0x0000000000000bce                FLASH_IRQHandler
                0x0000000000000bce                USART1_IRQHandler
                0x0000000000000bce                I2C1_ER_IRQHandler
                0x0000000000000bd0                NMI_Handler
                0x0000000000000bd0                NMI_RCC_CSS_IRQHandler
 .text.handle_reset
                0x0000000000000bde       0x7a /tmp/cc6QbVrm.ltrans0.ltrans.o
                0x0000000000000bde                handle_reset
 *(.rodata)
 *fill*         0x0000000000000c58        0x0 
 .rodata        0x0000000000000c58      0x100 /home/hexum/.platformio/packages/framework-ch32v003fun/misc/libgcc.a(_clz.o)
                0x0000000000000c58                __clz_tab
 *(.rodata*)
 .rodata.base   0x0000000000000d58       0x30 /tmp/cc6QbVrm.ltrans0.ltrans.o
 .rodata.main.cst4
                0x0000000000000d88        0x8 /tmp/cc6QbVrm.ltrans0.ltrans.o
 .rodata.note_audio
                0x0000000000000d90     0x22c0 /tmp/cc6QbVrm.ltrans0.ltrans.o
 .rodata.sample_delays
                0x0000000000003050       0x1a /tmp/cc6QbVrm.ltrans0.ltrans.o
 *(.gnu.linkonce.t.*)
                0x000000000000306c                . = ALIGN (0x4)
 *fill*         0x000000000000306a        0x2 

.fini           0x000000000000306c        0x0
 *(SORT_NONE(.fini))
                0x000000000000306c                . = ALIGN (0x4)
                [!provide]                        PROVIDE (_etext = .)
                [!provide]                        PROVIDE (_eitcm = .)

.preinit_array  0x000000000000306c        0x0
                [!provide]                        PROVIDE (__preinit_array_start = .)
 *(.preinit_array)
                [!provide]                        PROVIDE (__preinit_array_end = .)

.init_array     0x000000000000306c        0x0
                [!provide]                        PROVIDE (__init_array_start = .)
 *(SORT_BY_INIT_PRIORITY(.init_array.*) SORT_BY_INIT_PRIORITY(.ctors.*))
 *(.init_array EXCLUDE_FILE(*crtend?.o *crtend.o *crtbegin?.o *crtbegin.o) .ctors)
                [!provide]                        PROVIDE (__init_array_end = .)

.fini_array     0x000000000000306c        0x0
                [!provide]                        PROVIDE (__fini_array_start = .)
 *(SORT_BY_INIT_PRIORITY(.fini_array.*) SORT_BY_INIT_PRIORITY(.dtors.*))
 *(.fini_array EXCLUDE_FILE(*crtend?.o *crtend.o *crtbegin?.o *crtbegin.o) .dtors)
                [!provide]                        PROVIDE (__fini_array_end = .)

.ctors
 *crtbegin.o(.ctors)
 *crtbegin?.o(.ctors)
 *(EXCLUDE_FILE(*crtend?.o *crtend.o) .ctors)
 *(SORT_BY_NAME(.ctors.*))
 *(.ctors)

.dtors
 *crtbegin.o(.dtors)
 *crtbegin?.o(.dtors)
 *(EXCLUDE_FILE(*crtend?.o *crtend.o) .dtors)
 *(SORT_BY_NAME(.dtors.*))
 *(.dtors)

.dalign         0x0000000020000000        0x0 load address 0x000000000000306c
                0x0000000020000000                . = ALIGN (0x4)
                0x0000000020000000                PROVIDE (_data_vma = .)

.dlalign        0x000000000000306c        0x0
                0x000000000000306c                . = ALIGN (0x4)
                0x000000000000306c                PROVIDE (_data_lma = .)

.data           0x0000000020000000      0x108 load address 0x000000000000306c
                0x0000000020000000                . = ALIGN (0x4)
 *(.gnu.linkonce.r.*)
 *(.data .data.*)
 *(.gnu.linkonce.d.*)
                0x0000000020000000                . = ALIGN (0x8)
                0x0000000020000800                PROVIDE (__global_pointer$ = (. + 0x800))
 *(.sdata .sdata.*)
 *(.sdata2*)
 *(.gnu.linkonce.s.*)
                0x0000000020000000                . = ALIGN (0x8)
 *(.srodata.cst16)
 *(.srodata.cst8)
 *(.srodata.cst4)
 *(.srodata.cst2)
 *(.srodata .srodata.*)
 .srodata       0x0000000020000000      0x108 /tmp/cc6QbVrm.ltrans0.ltrans.o
                0x0000000020000108                . = ALIGN (0x4)
                0x0000000020000108                PROVIDE (_edata = .)

.rela.dyn       0x0000000020000108        0x0 load address 0x0000000000003174
 .rela.text.handle_reset
                0x0000000020000108        0x0 /tmp/cc6QbVrm.ltrans0.ltrans.o

.bss            0x0000000020000108       0x40 load address 0x0000000000003174
                0x0000000020000108                . = ALIGN (0x4)
                0x0000000020000108                PROVIDE (_sbss = .)
 *(.sbss*)
 *(.gnu.linkonce.sb.*)
 *(.bss*)
 .bss.audio_playing
                0x0000000020000108        0x1 /tmp/cc6QbVrm.ltrans0.ltrans.o
 .bss.color_index_start
                0x0000000020000109        0x1 /tmp/cc6QbVrm.ltrans0.ltrans.o
 .bss.idx       0x000000002000010a        0x2 /tmp/cc6QbVrm.ltrans0.ltrans.o
 .bss.leds      0x000000002000010c       0x30 /tmp/cc6QbVrm.ltrans0.ltrans.o
 .bss.pwr_down_counter
                0x000000002000013c        0x4 /tmp/cc6QbVrm.ltrans0.ltrans.o
 .bss.read_last
                0x0000000020000140        0x1 /tmp/cc6QbVrm.ltrans0.ltrans.o
 .bss.read_previous
                0x0000000020000141        0x1 /tmp/cc6QbVrm.ltrans0.ltrans.o
 *fill*         0x0000000020000142        0x2 
 .bss.touch_base
                0x0000000020000144        0x4 /tmp/cc6QbVrm.ltrans0.ltrans.o
 *(.gnu.linkonce.b.*)
 *(COMMON*)
                0x0000000020000148                . = ALIGN (0x4)
                0x0000000020000148                PROVIDE (_ebss = .)
                [!provide]                        PROVIDE (_end = _ebss)
                [!provide]                        PROVIDE (end = .)
                0x0000000020000800                PROVIDE (_eusrstack = (ORIGIN (RAM) + LENGTH (RAM)))

/DISCARD/
 *(.note .note.*)
 *(.eh_frame .eh_frame.*)
 *(.comment .comment.*)
 *(.ARM.extab* .gnu.linkonce.armextab.*)
 *(.ARM.exidx*)
OUTPUT(.pio/build/genericCH32V003F4U6/firmware.elf elf32-littleriscv)

.riscv.attributes
                0x0000000000000000       0x21
 .riscv.attributes
                0x0000000000000000       0x21 /home/hexum/.platformio/packages/framework-ch32v003fun/misc/libgcc.a(mulsf3.o)
 .riscv.attributes
                0x0000000000000021       0x21 /home/hexum/.platformio/packages/framework-ch32v003fun/misc/libgcc.a(fixsfsi.o)
 .riscv.attributes
                0x0000000000000042       0x21 /home/hexum/.platformio/packages/framework-ch32v003fun/misc/libgcc.a(floatsisf.o)
 .riscv.attributes
                0x0000000000000063       0x1f /home/hexum/.platformio/packages/framework-ch32v003fun/misc/libgcc.a(save-restore.o)
 .riscv.attributes
                0x0000000000000082       0x1f /home/hexum/.platformio/packages/framework-ch32v003fun/misc/libgcc.a(muldi3.o)
 .riscv.attributes
                0x00000000000000a1       0x21 /home/hexum/.platformio/packages/framework-ch32v003fun/misc/libgcc.a(_clzsi2.o)
 .riscv.attributes
                0x00000000000000c2       0x21 /home/hexum/.platformio/packages/framework-ch32v003fun/misc/libgcc.a(_clz.o)

.debug_info     0x0000000000000000      0xa57
 .debug_info    0x0000000000000000      0x3e0 /home/hexum/.platformio/packages/framework-ch32v003fun/misc/libgcc.a(mulsf3.o)
 .debug_info    0x00000000000003e0      0x1b1 /home/hexum/.platformio/packages/framework-ch32v003fun/misc/libgcc.a(fixsfsi.o)
 .debug_info    0x0000000000000591      0x213 /home/hexum/.platformio/packages/framework-ch32v003fun/misc/libgcc.a(floatsisf.o)
 .debug_info    0x00000000000007a4       0x68 /home/hexum/.platformio/packages/framework-ch32v003fun/misc/libgcc.a(save-restore.o)
 .debug_info    0x000000000000080c       0x31 /home/hexum/.platformio/packages/framework-ch32v003fun/misc/libgcc.a(muldi3.o)
 .debug_info    0x000000000000083d      0x142 /home/hexum/.platformio/packages/framework-ch32v003fun/misc/libgcc.a(_clzsi2.o)
 .debug_info    0x000000000000097f       0xd8 /home/hexum/.platformio/packages/framework-ch32v003fun/misc/libgcc.a(_clz.o)

.debug_abbrev   0x0000000000000000      0x5cc
 .debug_abbrev  0x0000000000000000      0x178 /home/hexum/.platformio/packages/framework-ch32v003fun/misc/libgcc.a(mulsf3.o)
 .debug_abbrev  0x0000000000000178      0x15d /home/hexum/.platformio/packages/framework-ch32v003fun/misc/libgcc.a(fixsfsi.o)
 .debug_abbrev  0x00000000000002d5      0x16d /home/hexum/.platformio/packages/framework-ch32v003fun/misc/libgcc.a(floatsisf.o)
 .debug_abbrev  0x0000000000000442       0x28 /home/hexum/.platformio/packages/framework-ch32v003fun/misc/libgcc.a(save-restore.o)
 .debug_abbrev  0x000000000000046a       0x28 /home/hexum/.platformio/packages/framework-ch32v003fun/misc/libgcc.a(muldi3.o)
 .debug_abbrev  0x0000000000000492       0xca /home/hexum/.platformio/packages/framework-ch32v003fun/misc/libgcc.a(_clzsi2.o)
 .debug_abbrev  0x000000000000055c       0x70 /home/hexum/.platformio/packages/framework-ch32v003fun/misc/libgcc.a(_clz.o)

.debug_loclists
                0x0000000000000000      0x979
 .debug_loclists
                0x0000000000000000      0x643 /home/hexum/.platformio/packages/framework-ch32v003fun/misc/libgcc.a(mulsf3.o)
 .debug_loclists
                0x0000000000000643      0x106 /home/hexum/.platformio/packages/framework-ch32v003fun/misc/libgcc.a(fixsfsi.o)
 .debug_loclists
                0x0000000000000749      0x1ce /home/hexum/.platformio/packages/framework-ch32v003fun/misc/libgcc.a(floatsisf.o)
 .debug_loclists
                0x0000000000000917       0x62 /home/hexum/.platformio/packages/framework-ch32v003fun/misc/libgcc.a(_clzsi2.o)

.debug_aranges  0x0000000000000000       0xd8
 .debug_aranges
                0x0000000000000000       0x20 /home/hexum/.platformio/packages/framework-ch32v003fun/misc/libgcc.a(mulsf3.o)
 .debug_aranges
                0x0000000000000020       0x20 /home/hexum/.platformio/packages/framework-ch32v003fun/misc/libgcc.a(fixsfsi.o)
 .debug_aranges
                0x0000000000000040       0x20 /home/hexum/.platformio/packages/framework-ch32v003fun/misc/libgcc.a(floatsisf.o)
 .debug_aranges
                0x0000000000000060       0x20 /home/hexum/.platformio/packages/framework-ch32v003fun/misc/libgcc.a(save-restore.o)
 .debug_aranges
                0x0000000000000080       0x20 /home/hexum/.platformio/packages/framework-ch32v003fun/misc/libgcc.a(muldi3.o)
 .debug_aranges
                0x00000000000000a0       0x20 /home/hexum/.platformio/packages/framework-ch32v003fun/misc/libgcc.a(_clzsi2.o)
 .debug_aranges
                0x00000000000000c0       0x18 /home/hexum/.platformio/packages/framework-ch32v003fun/misc/libgcc.a(_clz.o)

.debug_rnglists
                0x0000000000000000      0x181
 .debug_rnglists
                0x0000000000000000       0xb4 /home/hexum/.platformio/packages/framework-ch32v003fun/misc/libgcc.a(mulsf3.o)
 .debug_rnglists
                0x00000000000000b4       0x1f /home/hexum/.platformio/packages/framework-ch32v003fun/misc/libgcc.a(fixsfsi.o)
 .debug_rnglists
                0x00000000000000d3       0x86 /home/hexum/.platformio/packages/framework-ch32v003fun/misc/libgcc.a(floatsisf.o)
 .debug_rnglists
                0x0000000000000159       0x28 /home/hexum/.platformio/packages/framework-ch32v003fun/misc/libgcc.a(_clzsi2.o)

.debug_line     0x0000000000000000      0xf62
 .debug_line    0x0000000000000000      0x827 /home/hexum/.platformio/packages/framework-ch32v003fun/misc/libgcc.a(mulsf3.o)
 .debug_line    0x0000000000000827      0x1db /home/hexum/.platformio/packages/framework-ch32v003fun/misc/libgcc.a(fixsfsi.o)
 .debug_line    0x0000000000000a02      0x35b /home/hexum/.platformio/packages/framework-ch32v003fun/misc/libgcc.a(floatsisf.o)
 .debug_line    0x0000000000000d5d       0x81 /home/hexum/.platformio/packages/framework-ch32v003fun/misc/libgcc.a(save-restore.o)
 .debug_line    0x0000000000000dde       0x7a /home/hexum/.platformio/packages/framework-ch32v003fun/misc/libgcc.a(muldi3.o)
 .debug_line    0x0000000000000e58       0xcb /home/hexum/.platformio/packages/framework-ch32v003fun/misc/libgcc.a(_clzsi2.o)
 .debug_line    0x0000000000000f23       0x3f /home/hexum/.platformio/packages/framework-ch32v003fun/misc/libgcc.a(_clz.o)

.debug_str      0x0000000000000000      0x4c0
 .debug_str     0x0000000000000000      0x262 /home/hexum/.platformio/packages/framework-ch32v003fun/misc/libgcc.a(mulsf3.o)
                                        0x29c (size before relaxing)
 .debug_str     0x0000000000000262       0x25 /home/hexum/.platformio/packages/framework-ch32v003fun/misc/libgcc.a(fixsfsi.o)
                                        0x1a3 (size before relaxing)
 .debug_str     0x0000000000000287       0xa6 /home/hexum/.platformio/packages/framework-ch32v003fun/misc/libgcc.a(floatsisf.o)
                                        0x233 (size before relaxing)
 .debug_str     0x000000000000032d      0x10c /home/hexum/.platformio/packages/framework-ch32v003fun/misc/libgcc.a(save-restore.o)
 .debug_str     0x0000000000000439       0x35 /home/hexum/.platformio/packages/framework-ch32v003fun/misc/libgcc.a(muldi3.o)
                                         0xac (size before relaxing)
 .debug_str     0x000000000000046e       0x52 /home/hexum/.platformio/packages/framework-ch32v003fun/misc/libgcc.a(_clzsi2.o)
                                        0x1b8 (size before relaxing)
 .debug_str     0x00000000000004c0      0x19b /home/hexum/.platformio/packages/framework-ch32v003fun/misc/libgcc.a(_clz.o)

.debug_line_str
                0x0000000000000000      0x18e
 .debug_line_str
                0x0000000000000000       0xc1 /home/hexum/.platformio/packages/framework-ch32v003fun/misc/libgcc.a(mulsf3.o)
                                        0x13c (size before relaxing)
 .debug_line_str
                0x00000000000000c1       0x28 /home/hexum/.platformio/packages/framework-ch32v003fun/misc/libgcc.a(fixsfsi.o)
                                        0x13f (size before relaxing)
 .debug_line_str
                0x00000000000000e9       0x2a /home/hexum/.platformio/packages/framework-ch32v003fun/misc/libgcc.a(floatsisf.o)
                                        0x145 (size before relaxing)
 .debug_line_str
                0x0000000000000113       0x32 /home/hexum/.platformio/packages/framework-ch32v003fun/misc/libgcc.a(save-restore.o)
                                         0x9b (size before relaxing)
 .debug_line_str
                0x0000000000000145        0x9 /home/hexum/.platformio/packages/framework-ch32v003fun/misc/libgcc.a(muldi3.o)
                                         0x95 (size before relaxing)
 .debug_line_str
                0x000000000000014e       0x40 /home/hexum/.platformio/packages/framework-ch32v003fun/misc/libgcc.a(_clzsi2.o)
                                        0x126 (size before relaxing)
 .debug_line_str
                0x000000000000018e      0x126 /home/hexum/.platformio/packages/framework-ch32v003fun/misc/libgcc.a(_clz.o)

.debug_frame    0x0000000000000000       0xb0
 .debug_frame   0x0000000000000000       0x38 /home/hexum/.platformio/packages/framework-ch32v003fun/misc/libgcc.a(mulsf3.o)
 .debug_frame   0x0000000000000038       0x20 /home/hexum/.platformio/packages/framework-ch32v003fun/misc/libgcc.a(fixsfsi.o)
 .debug_frame   0x0000000000000058       0x38 /home/hexum/.platformio/packages/framework-ch32v003fun/misc/libgcc.a(floatsisf.o)
 .debug_frame   0x0000000000000090       0x20 /home/hexum/.platformio/packages/framework-ch32v003fun/misc/libgcc.a(_clzsi2.o)
